---
source: wgsl_bindgen/tests/core/mod.rs
---
#![allow(unused, non_snake_case, non_camel_case_types, non_upper_case_globals)]
#[derive(Clone, Copy, Debug, PartialEq, Eq, Hash)]
pub enum ShaderEntry {
  Padding,
}
impl ShaderEntry {
  pub fn create_pipeline_layout(&self, device: &wgpu::Device) -> wgpu::PipelineLayout {
    match self {
      Self::Padding => padding::create_pipeline_layout(device),
    }
  }
  pub fn create_shader_module_embed_source(
    &self,
    device: &wgpu::Device,
  ) -> wgpu::ShaderModule {
    match self {
      Self::Padding => padding::create_shader_module_embed_source(device),
    }
  }
}
mod _root {
  pub use super::*;
}
pub mod layout_asserts {
  use super::{_root, _root::*};
  const WGSL_BASE_TYPE_ASSERTS: () = {
    assert!(std::mem::size_of::<glam::IVec2>() == 8);
    assert!(std::mem::align_of::<glam::IVec2>() == 4);
    assert!(std::mem::size_of::<glam::IVec3>() == 12);
    assert!(std::mem::align_of::<glam::IVec3>() == 4);
    assert!(std::mem::size_of::<glam::IVec4>() == 16);
    assert!(std::mem::align_of::<glam::IVec4>() == 4);
    assert!(std::mem::size_of::<glam::UVec2>() == 8);
    assert!(std::mem::align_of::<glam::UVec2>() == 4);
    assert!(std::mem::size_of::<glam::UVec3>() == 12);
    assert!(std::mem::align_of::<glam::UVec3>() == 4);
    assert!(std::mem::size_of::<glam::UVec4>() == 16);
    assert!(std::mem::align_of::<glam::UVec4>() == 4);
    assert!(std::mem::size_of::<glam::Vec2>() == 8);
    assert!(std::mem::align_of::<glam::Vec2>() == 4);
    assert!(std::mem::size_of::<glam::Vec3>() == 12);
    assert!(std::mem::align_of::<glam::Vec3>() == 4);
    assert!(std::mem::size_of::<glam::Vec4>() == 16);
    assert!(std::mem::align_of::<glam::Vec4>() == 16);
    assert!(std::mem::size_of::<glam::Mat2>() == 16);
    assert!(std::mem::align_of::<glam::Mat2>() == 16);
    assert!(std::mem::size_of::<glam::Mat3A>() == 48);
    assert!(std::mem::align_of::<glam::Mat3A>() == 16);
    assert!(std::mem::size_of::<glam::Mat4>() == 64);
    assert!(std::mem::align_of::<glam::Mat4>() == 16);
  };
}
pub mod padding {
  use super::{_root, _root::*};
  pub mod compute {
    use super::{_root, _root::*};
    pub const MAIN_WORKGROUP_SIZE: [u32; 3] = [1, 1, 1];
    pub fn create_main_pipeline_embed_source(
      device: &wgpu::Device,
    ) -> wgpu::ComputePipeline {
      let module = super::create_shader_module_embed_source(device);
      let layout = super::create_pipeline_layout(device);
      device.create_compute_pipeline(&wgpu::ComputePipelineDescriptor {
        label: Some("Compute Pipeline main"),
        layout: Some(&layout),
        module: &module,
        entry_point: Some("main"),
        compilation_options: Default::default(),
        cache: None,
      })
    }
  }
  pub const ENTRY_MAIN: &str = "main";
  #[derive(Debug)]
  pub struct WgpuPipelineLayout;
  impl WgpuPipelineLayout {
    pub fn bind_group_layout_entries(
      entries: [wgpu::BindGroupLayout; 0],
    ) -> [wgpu::BindGroupLayout; 0] {
      entries
    }
  }
  pub fn create_pipeline_layout(device: &wgpu::Device) -> wgpu::PipelineLayout {
    device.create_pipeline_layout(&wgpu::PipelineLayoutDescriptor {
      label: Some("Padding::PipelineLayout"),
      bind_group_layouts: &[],
      immediate_size: 0u32,
    })
  }
  pub fn create_shader_module_embed_source(device: &wgpu::Device) -> wgpu::ShaderModule {
    let source = std::borrow::Cow::Borrowed(SHADER_STRING);
    device.create_shader_module(wgpu::ShaderModuleDescriptor {
      label: Some("padding.wgsl"),
      source: wgpu::ShaderSource::Wgsl(source),
    })
  }
  pub const SHADER_STRING: &str = r#"
@compute @workgroup_size(1)
fn main(@builtin(global_invocation_id) id: vec3<u32>) {

}
"#;
}
